// Jest Snapshot v1, https://goo.gl/fbAQLP

exports[`screensComponents/index should export the same structure 1`] = `
Object {
  "LoaderScreen": [Function],
  "Modal": [Function],
  "StateScreen": [Function],
}
`;
